// Jest Snapshot v1, https://goo.gl/fbAQLP

exports[`performance tests () => {
                // setup
                const a = BigNum.valueOf(20.56);
                return () => a.pow(48.723);
            }
  ->
  () => a.pow(48.723) 1`] = `566.5785000000001`;

exports[`performance tests () => {
                // setup
                const a = BigNum.valueOf(123456789.12345678);
                return () => {
                    for (let i = 0; i < 100; i++) {
                        a.sqrt();
                    }
                };
            }
  ->
  () => {
                      for (let i = 0; i < 100; i++) {
                          a.sqrt();
                      }
                  } 1`] = `2.021041999999852`;

exports[`performance tests () => {
                // setup
                const n = 123456789n ** 1234n;
                return () => {
                    for (let i = 0; i < 100; i++) {
                        length(n);
                    }
                };
            }
  ->
  () => {
                      for (let i = 0; i < 100; i++) {
                          length(n);
                      }
                  } 1`] = `28.086583999999903`;

exports[`performance tests () => {
                // setup
                const n = 123456789n ** 1234n;
                return () => {
                    for (let i = 0; i < 100; i++) {
                        n.toString();
                    }
                };
            }
  ->
  () => {
                      for (let i = 0; i < 100; i++) {
                          n.toString();
                      }
                  } 1`] = `28.040959000000157`;

exports[`performance tests () => {
                // setup
                let a;
                return [
                    () => (a = BigNum.valueOf(20.56).pow(48.723)),
                    () => a.toString(),
                ];
            }
  ->(1)
  () => (a = BigNum.valueOf(20.56).pow(48.723)) 1`] = `518.5813330000001`;

exports[`performance tests () => {
                // setup
                let a;
                return [
                    () => (a = BigNum.valueOf(20.56).pow(48.723)),
                    () => a.toString(),
                ];
            }
  ->(2)
  () => a.toString() 1`] = `155.21400000000017`;

exports[`performance tests () => BigNum.valueOf(100).pow(123.456) 1`] = `2.5096669999998085`;
