// Jest Snapshot v1, https://goo.gl/fbAQLP

exports[`Round tests \`\${0.1} + \${0.1} + \${0.1}\` 1`] = `0.3`;

exports[`Round tests \`\${0.2} + \${0.1}\` 1`] = `0.3`;

exports[`Round tests \`\${0.3} - \${0.1}\` 1`] = `0.2`;

exports[`standard tests \`\${-1.23e+42}/\${1e31}\` 1`] = `-123000000000`;

exports[`standard tests \`\${-1.23e-42}*\${1e38}\` 1`] = `-0.000123`;

exports[`standard tests \`\${-1.23e42}/\${1e31}\` 1`] = `-123000000000`;

exports[`standard tests \`\${0.1} * \${10}\` 1`] = `1`;

exports[`standard tests \`\${0.1} + \${0.1} * \${2}\` 1`] = `0.3`;

exports[`standard tests \`\${0.1} + \${0.2} * \${10}\` 1`] = `2.1`;

exports[`standard tests \`\${0.1} + \${0.2}\` 1`] = `0.3`;

exports[`standard tests \`\${0.3} + \${-0.1}\` 1`] = `0.2`;

exports[`standard tests \`\${0.3} - \${0.1}\` 1`] = `0.2`;

exports[`standard tests \`\${0.6} % \${0.2}\` 1`] = `0`;

exports[`standard tests \`\${0.6} / \${0.2}\` 1`] = `3`;

exports[`standard tests \`\${1.1} + \${2.1}\` 1`] = `3.2`;

exports[`standard tests \`\${1.1}+\${-2.2}\` 1`] = `-1.1`;

exports[`standard tests \`\${1.2} + \${2.3} * \${3.4}\` 1`] = `9.02`;

exports[`standard tests \`\${1.2}+\${0.8}\` 1`] = `2`;

exports[`standard tests \`\${1.5} * (\${-1}*(\${23} % \${4}))\` 1`] = `-4.5`;

exports[`standard tests \`\${1.23e+42}/\${1e31}\` 1`] = `123000000000`;

exports[`standard tests \`\${1.23e-42}*\${1e38}\` 1`] = `0.000123`;

exports[`standard tests \`\${1.23e42}/\${1e31}\` 1`] = `123000000000`;

exports[`standard tests \`\${1} * (\${-1}*(\${23} % \${4}))\` 1`] = `-3`;

exports[`standard tests \`\${1} + \${2} * \${3}\` 1`] = `7`;

exports[`standard tests \`\${1} + \${2}\` 1`] = `3`;

exports[`standard tests \`\${1} + \${3}\` 1`] = `4`;

exports[`standard tests \`\${1}+\${-2}\` 1`] = `-1`;

exports[`standard tests \`\${1}+\${2}\` 1`] = `3`;

exports[`standard tests \`\${1}-\${2}\` 1`] = `-1`;

exports[`standard tests \`\${1e+42}/\${1e31}\` 1`] = `100000000000`;

exports[`standard tests \`\${1e-42}*\${1e38}\` 1`] = `0.0001`;

exports[`standard tests \`\${1e42}/\${1e31}\` 1`] = `100000000000`;

exports[`standard tests \`\${2.3} % \${1.1}\` 1`] = `0.1`;

exports[`standard tests \`\${2.3} / \${1.1}\` 1`] = `2.090909090909091`;

exports[`standard tests \`\${3.2} - \${3.2} / \${3.2}\` 1`] = `2.2`;

exports[`standard tests \`\${3} - \${3} / \${3}\` 1`] = `2`;

exports[`standard tests \`\${22000000} / \${1.1}\` 1`] = `20000000`;

exports[`standard tests \`(\${0.1} + \${0.2}) * \${10}\` 1`] = `3`;

exports[`standard tests \`(\${1} + \${2}) * \${3}\` 1`] = `9`;

exports[`standard tests \`(\${1} + \${2}) * \${3}\` 2`] = `9`;
